powershell : At 
C:\Users\mubar\Des
At line:1 char:1
+ powershell 
-ExecutionPolicy 
Bypass -File 
test-api.ps1 > 
test_output.t ...
+ ~~~~~~~~~~~~~~~~~~~
~~~~~~~~~~~~~~~~~~~~~
~~~~~~~~~~~~~~~~~~~~~
~~~~~~~~
    + CategoryInfo   
           : NotSpe  
  cified: (At C:\U   
 sers\mubar\Des:S    
tring) [], Remot    
eException
    + FullyQualified 
   ErrorId : Native  
  CommandError
 
ktop\Mikrotik\Wassal\
backend\test-api.ps1:
29 char:6
+     } else {
+      ~
The Try statement is 
missing its Catch or 
Finally block.
At C:\Users\mubar\Des
ktop\Mikrotik\Wassal\
backend\test-api.ps1:
34 char:1
+ }
+ ~
Unexpected token '}' 
in expression or 
statement.
At C:\Users\mubar\Des
ktop\Mikrotik\Wassal\
backend\test-api.ps1:
170 char:53
+ ... Host "=========
=====================
==========" 
-ForegroundColor Cyan
+                    
                     
          ~~~~~~~~~~~
~~~~~~~~~~~~
The string is 
missing the 
terminator: ".
At C:\Users\mubar\Des
ktop\Mikrotik\Wassal\
backend\test-api.ps1:
158 char:9
+     try {
+         ~
Missing closing '}' 
in statement block 
or type definition.
At C:\Users\mubar\Des
ktop\Mikrotik\Wassal\
backend\test-api.ps1:
171 char:1
+ 
The Try statement is 
missing its Catch or 
Finally block.
At C:\Users\mubar\Des
ktop\Mikrotik\Wassal\
backend\test-api.ps1:
93 char:13
+         try {
+             ~
Missing closing '}' 
in statement block 
or type definition.
At C:\Users\mubar\Des
ktop\Mikrotik\Wassal\
backend\test-api.ps1:
82 char:5
+ try {
+     ~
Missing closing '}' 
in statement block 
or type definition.
    + CategoryInfo   
           : Parser  
  Error: (:) [], P   
 arentContainsErr    
orRecordExceptio    n
    + FullyQualified 
   ErrorId : Missin  
  gCatchOrFinally
 
